-- The C compiler identification is GNU 13.3.0
-- The CXX compiler identification is GNU 13.3.0
-- Detecting C compiler ABI info
-- Detecting C compiler ABI info - done
-- Check for working C compiler: /usr/bin/cc - skipped
-- Detecting C compile features
-- Detecting C compile features - done
-- Detecting CXX compiler ABI info
-- Detecting CXX compiler ABI info - done
-- Check for working CXX compiler: /usr/bin/c++ - skipped
-- Detecting CXX compile features
-- Detecting CXX compile features - done
-- Found ament_cmake: 2.5.4 (/opt/ros/jazzy/share/ament_cmake/cmake)
-- Found Python3: /usr/bin/python3 (found version "3.12.3") found components: Interpreter 
-- Found rclcpp: 28.1.13 (/opt/ros/jazzy/share/rclcpp/cmake)
-- Found rosidl_generator_c: 4.6.6 (/opt/ros/jazzy/share/rosidl_generator_c/cmake)
-- Found rosidl_generator_cpp: 4.6.6 (/opt/ros/jazzy/share/rosidl_generator_cpp/cmake)
-- Using all available rosidl_typesupport_c: rosidl_typesupport_fastrtps_c;rosidl_typesupport_introspection_c
-- Using all available rosidl_typesupport_cpp: rosidl_typesupport_fastrtps_cpp;rosidl_typesupport_introspection_cpp
-- Found rmw_implementation_cmake: 7.3.2 (/opt/ros/jazzy/share/rmw_implementation_cmake/cmake)
-- Found rmw_fastrtps_cpp: 8.4.3 (/opt/ros/jazzy/share/rmw_fastrtps_cpp/cmake)
-- Found OpenSSL: /usr/lib/x86_64-linux-gnu/libcrypto.so (found version "3.0.13")  
-- Found FastRTPS: /opt/ros/jazzy/include (Required is at least version "2.13") 
-- Using RMW implementation 'rmw_fastrtps_cpp' as default
-- Found rclpy: 7.1.6 (/opt/ros/jazzy/share/rclpy/cmake)
-- Found std_msgs: 5.3.6 (/opt/ros/jazzy/share/std_msgs/cmake)
-- Found geometry_msgs: 5.3.6 (/opt/ros/jazzy/share/geometry_msgs/cmake)
-- Found nav_msgs: 5.3.6 (/opt/ros/jazzy/share/nav_msgs/cmake)
-- Found tf2: 0.36.16 (/opt/ros/jazzy/share/tf2/cmake)
-- Found ament_lint_auto: 0.17.3 (/opt/ros/jazzy/share/ament_lint_auto/cmake)
-- Added test 'cppcheck' to perform static code analysis on C / C++ code
-- Configured cppcheck include dirs: 
-- Configured cppcheck exclude dirs and/or files: 
-- Added test 'flake8' to check Python code syntax and style conventions
-- Configured 'flake8' exclude dirs and/or files: 
-- Added test 'lint_cmake' to check CMake code style
-- Added test 'pep257' to check Python code against some of the docstring style conventions in PEP 257
-- Added test 'uncrustify' to check C / C++ code style
-- Configured uncrustify additional arguments: 
-- Added test 'xmllint' to check XML markup files
-- Configuring done (1.2s)
-- Generating done (0.0s)
-- Build files have been written to: /home/desau/Documents/Git/ECED3901_sackville/sieben_repo/ros2_ws/build/eced3901
[ 25%] [32mBuilding CXX object CMakeFiles/dt1.dir/src/eced3901_dt1.cpp.o[0m
[ 50%] [32mBuilding CXX object CMakeFiles/talker.dir/src/publisher_member_function.cpp.o[0m
[ 75%] [32m[1mLinking CXX executable talker[0m
[ 75%] Built target talker
[100%] [32m[1mLinking CXX executable dt1[0m
[100%] Built target dt1
-- Install configuration: ""
-- Installing: /home/desau/Documents/Git/ECED3901_sackville/sieben_repo/ros2_ws/install/eced3901/lib/eced3901/talker
-- Set non-toolchain portion of runtime path of "/home/desau/Documents/Git/ECED3901_sackville/sieben_repo/ros2_ws/install/eced3901/lib/eced3901/talker" to ""
-- Installing: /home/desau/Documents/Git/ECED3901_sackville/sieben_repo/ros2_ws/install/eced3901/lib/eced3901/dt1
-- Set non-toolchain portion of runtime path of "/home/desau/Documents/Git/ECED3901_sackville/sieben_repo/ros2_ws/install/eced3901/lib/eced3901/dt1" to ""
-- Installing: /home/desau/Documents/Git/ECED3901_sackville/sieben_repo/ros2_ws/install/eced3901/share/eced3901/config
-- Installing: /home/desau/Documents/Git/ECED3901_sackville/sieben_repo/ros2_ws/install/eced3901/share/eced3901/config/ekf.yaml
-- Installing: /home/desau/Documents/Git/ECED3901_sackville/sieben_repo/ros2_ws/install/eced3901/share/eced3901/launch
-- Installing: /home/desau/Documents/Git/ECED3901_sackville/sieben_repo/ros2_ws/install/eced3901/share/eced3901/launch/lab3.launch.py
-- Installing: /home/desau/Documents/Git/ECED3901_sackville/sieben_repo/ros2_ws/install/eced3901/share/eced3901/launch/lab4a.launch.py
-- Installing: /home/desau/Documents/Git/ECED3901_sackville/sieben_repo/ros2_ws/install/eced3901/share/eced3901/launch/lab4b.launch.py
-- Installing: /home/desau/Documents/Git/ECED3901_sackville/sieben_repo/ros2_ws/install/eced3901/share/eced3901/launch/lab5.launch.py
-- Installing: /home/desau/Documents/Git/ECED3901_sackville/sieben_repo/ros2_ws/install/eced3901/share/eced3901/launch/lab5dt2.launch.py
-- Installing: /home/desau/Documents/Git/ECED3901_sackville/sieben_repo/ros2_ws/install/eced3901/share/eced3901/launch/lab6a.launch.py
-- Installing: /home/desau/Documents/Git/ECED3901_sackville/sieben_repo/ros2_ws/install/eced3901/share/eced3901/launch/lab6b.launch.py
-- Installing: /home/desau/Documents/Git/ECED3901_sackville/sieben_repo/ros2_ws/install/eced3901/share/eced3901/launch/lab6nav.launch.py
-- Installing: /home/desau/Documents/Git/ECED3901_sackville/sieben_repo/ros2_ws/install/eced3901/share/eced3901/launch/lab7nav.launch.py
-- Installing: /home/desau/Documents/Git/ECED3901_sackville/sieben_repo/ros2_ws/install/eced3901/share/eced3901/maps
-- Installing: /home/desau/Documents/Git/ECED3901_sackville/sieben_repo/ros2_ws/install/eced3901/share/eced3901/maps/lab4_map.pgm
-- Installing: /home/desau/Documents/Git/ECED3901_sackville/sieben_repo/ros2_ws/install/eced3901/share/eced3901/maps/lab4_map.yaml
-- Installing: /home/desau/Documents/Git/ECED3901_sackville/sieben_repo/ros2_ws/install/eced3901/share/eced3901/models
-- Installing: /home/desau/Documents/Git/ECED3901_sackville/sieben_repo/ros2_ws/install/eced3901/share/eced3901/models/eced3901_lab4
-- Installing: /home/desau/Documents/Git/ECED3901_sackville/sieben_repo/ros2_ws/install/eced3901/share/eced3901/models/eced3901_lab4/model.config
-- Installing: /home/desau/Documents/Git/ECED3901_sackville/sieben_repo/ros2_ws/install/eced3901/share/eced3901/models/eced3901_lab4/model.sdf
-- Installing: /home/desau/Documents/Git/ECED3901_sackville/sieben_repo/ros2_ws/install/eced3901/share/eced3901/models/eced3901bot.urdf
-- Installing: /home/desau/Documents/Git/ECED3901_sackville/sieben_repo/ros2_ws/install/eced3901/share/eced3901/models/eced3901bot_description
-- Installing: /home/desau/Documents/Git/ECED3901_sackville/sieben_repo/ros2_ws/install/eced3901/share/eced3901/models/eced3901bot_description/model.config
-- Installing: /home/desau/Documents/Git/ECED3901_sackville/sieben_repo/ros2_ws/install/eced3901/share/eced3901/models/eced3901bot_description/model.sdf
-- Installing: /home/desau/Documents/Git/ECED3901_sackville/sieben_repo/ros2_ws/install/eced3901/share/eced3901/params
-- Installing: /home/desau/Documents/Git/ECED3901_sackville/sieben_repo/ros2_ws/install/eced3901/share/eced3901/params/nav2_params.yaml
-- Installing: /home/desau/Documents/Git/ECED3901_sackville/sieben_repo/ros2_ws/install/eced3901/share/eced3901/rviz
-- Installing: /home/desau/Documents/Git/ECED3901_sackville/sieben_repo/ros2_ws/install/eced3901/share/eced3901/rviz/nav2.rviz
-- Installing: /home/desau/Documents/Git/ECED3901_sackville/sieben_repo/ros2_ws/install/eced3901/share/eced3901/rviz/nav2_config.rviz
-- Installing: /home/desau/Documents/Git/ECED3901_sackville/sieben_repo/ros2_ws/install/eced3901/share/eced3901/rviz/urdf_config.rviz
-- Installing: /home/desau/Documents/Git/ECED3901_sackville/sieben_repo/ros2_ws/install/eced3901/share/eced3901/src
-- Installing: /home/desau/Documents/Git/ECED3901_sackville/sieben_repo/ros2_ws/install/eced3901/share/eced3901/src/eced3901_dt1.cpp
-- Installing: /home/desau/Documents/Git/ECED3901_sackville/sieben_repo/ros2_ws/install/eced3901/share/eced3901/src/publisher_member_function.cpp
-- Installing: /home/desau/Documents/Git/ECED3901_sackville/sieben_repo/ros2_ws/install/eced3901/share/eced3901/worlds
-- Installing: /home/desau/Documents/Git/ECED3901_sackville/sieben_repo/ros2_ws/install/eced3901/share/eced3901/worlds/eced3901_lab4.world
-- Installing: /home/desau/Documents/Git/ECED3901_sackville/sieben_repo/ros2_ws/install/eced3901/share/eced3901/worlds/eced3901_lab6.world
-- Installing: /home/desau/Documents/Git/ECED3901_sackville/sieben_repo/ros2_ws/install/eced3901/share/eced3901/worlds/empty.world
-- Installing: /home/desau/Documents/Git/ECED3901_sackville/sieben_repo/ros2_ws/install/eced3901/lib/eced3901/demo_inspection.py
-- Installing: /home/desau/Documents/Git/ECED3901_sackville/sieben_repo/ros2_ws/install/eced3901/share/ament_index/resource_index/package_run_dependencies/eced3901
-- Installing: /home/desau/Documents/Git/ECED3901_sackville/sieben_repo/ros2_ws/install/eced3901/share/ament_index/resource_index/parent_prefix_path/eced3901
-- Installing: /home/desau/Documents/Git/ECED3901_sackville/sieben_repo/ros2_ws/install/eced3901/share/eced3901/environment/ament_prefix_path.sh
-- Installing: /home/desau/Documents/Git/ECED3901_sackville/sieben_repo/ros2_ws/install/eced3901/share/eced3901/environment/ament_prefix_path.dsv
-- Installing: /home/desau/Documents/Git/ECED3901_sackville/sieben_repo/ros2_ws/install/eced3901/share/eced3901/environment/path.sh
-- Installing: /home/desau/Documents/Git/ECED3901_sackville/sieben_repo/ros2_ws/install/eced3901/share/eced3901/environment/path.dsv
-- Installing: /home/desau/Documents/Git/ECED3901_sackville/sieben_repo/ros2_ws/install/eced3901/share/eced3901/local_setup.bash
-- Installing: /home/desau/Documents/Git/ECED3901_sackville/sieben_repo/ros2_ws/install/eced3901/share/eced3901/local_setup.sh
-- Installing: /home/desau/Documents/Git/ECED3901_sackville/sieben_repo/ros2_ws/install/eced3901/share/eced3901/local_setup.zsh
-- Installing: /home/desau/Documents/Git/ECED3901_sackville/sieben_repo/ros2_ws/install/eced3901/share/eced3901/local_setup.dsv
-- Installing: /home/desau/Documents/Git/ECED3901_sackville/sieben_repo/ros2_ws/install/eced3901/share/eced3901/package.dsv
-- Installing: /home/desau/Documents/Git/ECED3901_sackville/sieben_repo/ros2_ws/install/eced3901/share/ament_index/resource_index/packages/eced3901
-- Installing: /home/desau/Documents/Git/ECED3901_sackville/sieben_repo/ros2_ws/install/eced3901/share/eced3901/cmake/eced3901Config.cmake
-- Installing: /home/desau/Documents/Git/ECED3901_sackville/sieben_repo/ros2_ws/install/eced3901/share/eced3901/cmake/eced3901Config-version.cmake
-- Installing: /home/desau/Documents/Git/ECED3901_sackville/sieben_repo/ros2_ws/install/eced3901/share/eced3901/package.xml
