[0.008s] Invoking command in '/home/desau/Documents/Git/ECED3901_sackville/sieben_repo/ros2_ws/build/eced3901': CMAKE_PREFIX_PATH=${CMAKE_PREFIX_PATH}:/opt/ros/jazzy DEBUGINFOD_URLS=https://debuginfod.archlinux.org PS1=[\u@\h \W]\$ /usr/bin/cmake /home/desau/Documents/Git/ECED3901_sackville/sieben_repo/ros2_ws -DCMAKE_INSTALL_PREFIX=/home/desau/Documents/Git/ECED3901_sackville/sieben_repo/ros2_ws/install/eced3901
[0.070s] -- The C compiler identification is GNU 13.3.0
[0.128s] -- The CXX compiler identification is GNU 13.3.0
[0.152s] -- Detecting C compiler ABI info
[0.274s] -- Detecting C compiler ABI info - done
[0.286s] -- Check for working C compiler: /usr/bin/cc - skipped
[0.286s] -- Detecting C compile features
[0.287s] -- Detecting C compile features - done
[0.299s] -- Detecting CXX compiler ABI info
[0.394s] -- Detecting CXX compiler ABI info - done
[0.403s] -- Check for working CXX compiler: /usr/bin/c++ - skipped
[0.403s] -- Detecting CXX compile features
[0.403s] -- Detecting CXX compile features - done
[0.408s] -- Found ament_cmake: 2.5.4 (/opt/ros/jazzy/share/ament_cmake/cmake)
[0.546s] -- Found Python3: /usr/bin/python3 (found version "3.12.3") found components: Interpreter 
[0.638s] -- Found rclcpp: 28.1.13 (/opt/ros/jazzy/share/rclcpp/cmake)
[0.675s] -- Found rosidl_generator_c: 4.6.6 (/opt/ros/jazzy/share/rosidl_generator_c/cmake)
[0.687s] -- Found rosidl_generator_cpp: 4.6.6 (/opt/ros/jazzy/share/rosidl_generator_cpp/cmake)
[0.701s] -- Using all available rosidl_typesupport_c: rosidl_typesupport_fastrtps_c;rosidl_typesupport_introspection_c
[0.718s] -- Using all available rosidl_typesupport_cpp: rosidl_typesupport_fastrtps_cpp;rosidl_typesupport_introspection_cpp
[0.795s] -- Found rmw_implementation_cmake: 7.3.2 (/opt/ros/jazzy/share/rmw_implementation_cmake/cmake)
[0.798s] -- Found rmw_fastrtps_cpp: 8.4.3 (/opt/ros/jazzy/share/rmw_fastrtps_cpp/cmake)
[0.879s] -- Found OpenSSL: /usr/lib/x86_64-linux-gnu/libcrypto.so (found version "3.0.13")  
[0.897s] -- Found FastRTPS: /opt/ros/jazzy/include (Required is at least version "2.13") 
[0.918s] -- Using RMW implementation 'rmw_fastrtps_cpp' as default
[0.988s] -- Found rclpy: 7.1.6 (/opt/ros/jazzy/share/rclpy/cmake)
[0.989s] -- Found std_msgs: 5.3.6 (/opt/ros/jazzy/share/std_msgs/cmake)
[1.002s] -- Found geometry_msgs: 5.3.6 (/opt/ros/jazzy/share/geometry_msgs/cmake)
[1.017s] -- Found nav_msgs: 5.3.6 (/opt/ros/jazzy/share/nav_msgs/cmake)
[1.043s] -- Found tf2: 0.36.16 (/opt/ros/jazzy/share/tf2/cmake)
[1.051s] -- Found ament_lint_auto: 0.17.3 (/opt/ros/jazzy/share/ament_lint_auto/cmake)
[1.164s] -- Added test 'cppcheck' to perform static code analysis on C / C++ code
[1.164s] -- Configured cppcheck include dirs: 
[1.165s] -- Configured cppcheck exclude dirs and/or files: 
[1.166s] -- Added test 'flake8' to check Python code syntax and style conventions
[1.166s] -- Configured 'flake8' exclude dirs and/or files: 
[1.168s] -- Added test 'lint_cmake' to check CMake code style
[1.169s] -- Added test 'pep257' to check Python code against some of the docstring style conventions in PEP 257
[1.174s] -- Added test 'uncrustify' to check C / C++ code style
[1.174s] -- Configured uncrustify additional arguments: 
[1.175s] -- Added test 'xmllint' to check XML markup files
[1.177s] -- Configuring done (1.2s)
[1.192s] -- Generating done (0.0s)
[1.197s] -- Build files have been written to: /home/desau/Documents/Git/ECED3901_sackville/sieben_repo/ros2_ws/build/eced3901
[1.207s] Invoked command in '/home/desau/Documents/Git/ECED3901_sackville/sieben_repo/ros2_ws/build/eced3901' returned '0': CMAKE_PREFIX_PATH=${CMAKE_PREFIX_PATH}:/opt/ros/jazzy DEBUGINFOD_URLS=https://debuginfod.archlinux.org PS1=[\u@\h \W]\$ /usr/bin/cmake /home/desau/Documents/Git/ECED3901_sackville/sieben_repo/ros2_ws -DCMAKE_INSTALL_PREFIX=/home/desau/Documents/Git/ECED3901_sackville/sieben_repo/ros2_ws/install/eced3901
[1.208s] Invoking command in '/home/desau/Documents/Git/ECED3901_sackville/sieben_repo/ros2_ws/build/eced3901': CMAKE_PREFIX_PATH=${CMAKE_PREFIX_PATH}:/opt/ros/jazzy DEBUGINFOD_URLS=https://debuginfod.archlinux.org PS1=[\u@\h \W]\$ /usr/bin/cmake --build /home/desau/Documents/Git/ECED3901_sackville/sieben_repo/ros2_ws/build/eced3901 -- -j16 -l16
[1.260s] [ 25%] [32mBuilding CXX object CMakeFiles/dt1.dir/src/eced3901_dt1.cpp.o[0m
[1.262s] [ 50%] [32mBuilding CXX object CMakeFiles/talker.dir/src/publisher_member_function.cpp.o[0m
[5.054s] [ 75%] [32m[1mLinking CXX executable talker[0m
[5.190s] [ 75%] Built target talker
[8.184s] [100%] [32m[1mLinking CXX executable dt1[0m
[8.406s] [100%] Built target dt1
[8.416s] Invoked command in '/home/desau/Documents/Git/ECED3901_sackville/sieben_repo/ros2_ws/build/eced3901' returned '0': CMAKE_PREFIX_PATH=${CMAKE_PREFIX_PATH}:/opt/ros/jazzy DEBUGINFOD_URLS=https://debuginfod.archlinux.org PS1=[\u@\h \W]\$ /usr/bin/cmake --build /home/desau/Documents/Git/ECED3901_sackville/sieben_repo/ros2_ws/build/eced3901 -- -j16 -l16
[8.424s] Invoking command in '/home/desau/Documents/Git/ECED3901_sackville/sieben_repo/ros2_ws/build/eced3901': CMAKE_PREFIX_PATH=${CMAKE_PREFIX_PATH}:/opt/ros/jazzy DEBUGINFOD_URLS=https://debuginfod.archlinux.org PS1=[\u@\h \W]\$ /usr/bin/cmake --install /home/desau/Documents/Git/ECED3901_sackville/sieben_repo/ros2_ws/build/eced3901
[8.431s] -- Install configuration: ""
[8.431s] -- Installing: /home/desau/Documents/Git/ECED3901_sackville/sieben_repo/ros2_ws/install/eced3901/lib/eced3901/talker
[8.437s] -- Set non-toolchain portion of runtime path of "/home/desau/Documents/Git/ECED3901_sackville/sieben_repo/ros2_ws/install/eced3901/lib/eced3901/talker" to ""
[8.437s] -- Installing: /home/desau/Documents/Git/ECED3901_sackville/sieben_repo/ros2_ws/install/eced3901/lib/eced3901/dt1
[8.442s] -- Set non-toolchain portion of runtime path of "/home/desau/Documents/Git/ECED3901_sackville/sieben_repo/ros2_ws/install/eced3901/lib/eced3901/dt1" to ""
[8.442s] -- Installing: /home/desau/Documents/Git/ECED3901_sackville/sieben_repo/ros2_ws/install/eced3901/share/eced3901/config
[8.442s] -- Installing: /home/desau/Documents/Git/ECED3901_sackville/sieben_repo/ros2_ws/install/eced3901/share/eced3901/config/ekf.yaml
[8.442s] -- Installing: /home/desau/Documents/Git/ECED3901_sackville/sieben_repo/ros2_ws/install/eced3901/share/eced3901/launch
[8.442s] -- Installing: /home/desau/Documents/Git/ECED3901_sackville/sieben_repo/ros2_ws/install/eced3901/share/eced3901/launch/lab3.launch.py
[8.443s] -- Installing: /home/desau/Documents/Git/ECED3901_sackville/sieben_repo/ros2_ws/install/eced3901/share/eced3901/launch/lab4a.launch.py
[8.443s] -- Installing: /home/desau/Documents/Git/ECED3901_sackville/sieben_repo/ros2_ws/install/eced3901/share/eced3901/launch/lab4b.launch.py
[8.443s] -- Installing: /home/desau/Documents/Git/ECED3901_sackville/sieben_repo/ros2_ws/install/eced3901/share/eced3901/launch/lab5.launch.py
[8.443s] -- Installing: /home/desau/Documents/Git/ECED3901_sackville/sieben_repo/ros2_ws/install/eced3901/share/eced3901/launch/lab5dt2.launch.py
[8.443s] -- Installing: /home/desau/Documents/Git/ECED3901_sackville/sieben_repo/ros2_ws/install/eced3901/share/eced3901/launch/lab6a.launch.py
[8.443s] -- Installing: /home/desau/Documents/Git/ECED3901_sackville/sieben_repo/ros2_ws/install/eced3901/share/eced3901/launch/lab6b.launch.py
[8.443s] -- Installing: /home/desau/Documents/Git/ECED3901_sackville/sieben_repo/ros2_ws/install/eced3901/share/eced3901/launch/lab6nav.launch.py
[8.443s] -- Installing: /home/desau/Documents/Git/ECED3901_sackville/sieben_repo/ros2_ws/install/eced3901/share/eced3901/launch/lab7nav.launch.py
[8.443s] -- Installing: /home/desau/Documents/Git/ECED3901_sackville/sieben_repo/ros2_ws/install/eced3901/share/eced3901/maps
[8.443s] -- Installing: /home/desau/Documents/Git/ECED3901_sackville/sieben_repo/ros2_ws/install/eced3901/share/eced3901/maps/lab4_map.pgm
[8.443s] -- Installing: /home/desau/Documents/Git/ECED3901_sackville/sieben_repo/ros2_ws/install/eced3901/share/eced3901/maps/lab4_map.yaml
[8.444s] -- Installing: /home/desau/Documents/Git/ECED3901_sackville/sieben_repo/ros2_ws/install/eced3901/share/eced3901/models
[8.444s] -- Installing: /home/desau/Documents/Git/ECED3901_sackville/sieben_repo/ros2_ws/install/eced3901/share/eced3901/models/eced3901_lab4
[8.444s] -- Installing: /home/desau/Documents/Git/ECED3901_sackville/sieben_repo/ros2_ws/install/eced3901/share/eced3901/models/eced3901_lab4/model.config
[8.444s] -- Installing: /home/desau/Documents/Git/ECED3901_sackville/sieben_repo/ros2_ws/install/eced3901/share/eced3901/models/eced3901_lab4/model.sdf
[8.444s] -- Installing: /home/desau/Documents/Git/ECED3901_sackville/sieben_repo/ros2_ws/install/eced3901/share/eced3901/models/eced3901bot.urdf
[8.444s] -- Installing: /home/desau/Documents/Git/ECED3901_sackville/sieben_repo/ros2_ws/install/eced3901/share/eced3901/models/eced3901bot_description
[8.444s] -- Installing: /home/desau/Documents/Git/ECED3901_sackville/sieben_repo/ros2_ws/install/eced3901/share/eced3901/models/eced3901bot_description/model.config
[8.444s] -- Installing: /home/desau/Documents/Git/ECED3901_sackville/sieben_repo/ros2_ws/install/eced3901/share/eced3901/models/eced3901bot_description/model.sdf
[8.444s] -- Installing: /home/desau/Documents/Git/ECED3901_sackville/sieben_repo/ros2_ws/install/eced3901/share/eced3901/params
[8.444s] -- Installing: /home/desau/Documents/Git/ECED3901_sackville/sieben_repo/ros2_ws/install/eced3901/share/eced3901/params/nav2_params.yaml
[8.444s] -- Installing: /home/desau/Documents/Git/ECED3901_sackville/sieben_repo/ros2_ws/install/eced3901/share/eced3901/rviz
[8.444s] -- Installing: /home/desau/Documents/Git/ECED3901_sackville/sieben_repo/ros2_ws/install/eced3901/share/eced3901/rviz/nav2.rviz
[8.444s] -- Installing: /home/desau/Documents/Git/ECED3901_sackville/sieben_repo/ros2_ws/install/eced3901/share/eced3901/rviz/nav2_config.rviz
[8.444s] -- Installing: /home/desau/Documents/Git/ECED3901_sackville/sieben_repo/ros2_ws/install/eced3901/share/eced3901/rviz/urdf_config.rviz
[8.444s] -- Installing: /home/desau/Documents/Git/ECED3901_sackville/sieben_repo/ros2_ws/install/eced3901/share/eced3901/src
[8.445s] -- Installing: /home/desau/Documents/Git/ECED3901_sackville/sieben_repo/ros2_ws/install/eced3901/share/eced3901/src/eced3901_dt1.cpp
[8.445s] -- Installing: /home/desau/Documents/Git/ECED3901_sackville/sieben_repo/ros2_ws/install/eced3901/share/eced3901/src/publisher_member_function.cpp
[8.445s] -- Installing: /home/desau/Documents/Git/ECED3901_sackville/sieben_repo/ros2_ws/install/eced3901/share/eced3901/worlds
[8.445s] -- Installing: /home/desau/Documents/Git/ECED3901_sackville/sieben_repo/ros2_ws/install/eced3901/share/eced3901/worlds/eced3901_lab4.world
[8.445s] -- Installing: /home/desau/Documents/Git/ECED3901_sackville/sieben_repo/ros2_ws/install/eced3901/share/eced3901/worlds/eced3901_lab6.world
[8.445s] -- Installing: /home/desau/Documents/Git/ECED3901_sackville/sieben_repo/ros2_ws/install/eced3901/share/eced3901/worlds/empty.world
[8.445s] -- Installing: /home/desau/Documents/Git/ECED3901_sackville/sieben_repo/ros2_ws/install/eced3901/lib/eced3901/demo_inspection.py
[8.445s] -- Installing: /home/desau/Documents/Git/ECED3901_sackville/sieben_repo/ros2_ws/install/eced3901/share/ament_index/resource_index/package_run_dependencies/eced3901
[8.445s] -- Installing: /home/desau/Documents/Git/ECED3901_sackville/sieben_repo/ros2_ws/install/eced3901/share/ament_index/resource_index/parent_prefix_path/eced3901
[8.445s] -- Installing: /home/desau/Documents/Git/ECED3901_sackville/sieben_repo/ros2_ws/install/eced3901/share/eced3901/environment/ament_prefix_path.sh
[8.445s] -- Installing: /home/desau/Documents/Git/ECED3901_sackville/sieben_repo/ros2_ws/install/eced3901/share/eced3901/environment/ament_prefix_path.dsv
[8.445s] -- Installing: /home/desau/Documents/Git/ECED3901_sackville/sieben_repo/ros2_ws/install/eced3901/share/eced3901/environment/path.sh
[8.445s] -- Installing: /home/desau/Documents/Git/ECED3901_sackville/sieben_repo/ros2_ws/install/eced3901/share/eced3901/environment/path.dsv
[8.445s] -- Installing: /home/desau/Documents/Git/ECED3901_sackville/sieben_repo/ros2_ws/install/eced3901/share/eced3901/local_setup.bash
[8.445s] -- Installing: /home/desau/Documents/Git/ECED3901_sackville/sieben_repo/ros2_ws/install/eced3901/share/eced3901/local_setup.sh
[8.446s] -- Installing: /home/desau/Documents/Git/ECED3901_sackville/sieben_repo/ros2_ws/install/eced3901/share/eced3901/local_setup.zsh
[8.446s] -- Installing: /home/desau/Documents/Git/ECED3901_sackville/sieben_repo/ros2_ws/install/eced3901/share/eced3901/local_setup.dsv
[8.446s] -- Installing: /home/desau/Documents/Git/ECED3901_sackville/sieben_repo/ros2_ws/install/eced3901/share/eced3901/package.dsv
[8.446s] -- Installing: /home/desau/Documents/Git/ECED3901_sackville/sieben_repo/ros2_ws/install/eced3901/share/ament_index/resource_index/packages/eced3901
[8.446s] -- Installing: /home/desau/Documents/Git/ECED3901_sackville/sieben_repo/ros2_ws/install/eced3901/share/eced3901/cmake/eced3901Config.cmake
[8.446s] -- Installing: /home/desau/Documents/Git/ECED3901_sackville/sieben_repo/ros2_ws/install/eced3901/share/eced3901/cmake/eced3901Config-version.cmake
[8.446s] -- Installing: /home/desau/Documents/Git/ECED3901_sackville/sieben_repo/ros2_ws/install/eced3901/share/eced3901/package.xml
[8.447s] Invoked command in '/home/desau/Documents/Git/ECED3901_sackville/sieben_repo/ros2_ws/build/eced3901' returned '0': CMAKE_PREFIX_PATH=${CMAKE_PREFIX_PATH}:/opt/ros/jazzy DEBUGINFOD_URLS=https://debuginfod.archlinux.org PS1=[\u@\h \W]\$ /usr/bin/cmake --install /home/desau/Documents/Git/ECED3901_sackville/sieben_repo/ros2_ws/build/eced3901
