[0.080s] DEBUG:colcon:Command line arguments: ['/usr/bin/colcon', 'build', '--packages-select', 'eced3901']
[0.080s] DEBUG:colcon:Parsed command line arguments: Namespace(log_base=None, log_level=None, verb_name='build', build_base='build', install_base='install', merge_install=False, symlink_install=False, test_result_base=None, continue_on_error=False, executor='parallel', parallel_workers=16, event_handlers=None, ignore_user_meta=False, metas=['./colcon.meta'], base_paths=['.'], packages_ignore=None, packages_ignore_regex=None, paths=None, packages_up_to=None, packages_up_to_regex=None, packages_above=None, packages_above_and_dependencies=None, packages_above_depth=None, packages_select_by_dep=None, packages_skip_by_dep=None, packages_skip_up_to=None, packages_select_build_failed=False, packages_skip_build_finished=False, packages_select_test_failures=False, packages_skip_test_passed=False, packages_select=['eced3901'], packages_skip=None, packages_select_regex=None, packages_skip_regex=None, packages_start=None, packages_end=None, cmake_args=None, cmake_target=None, cmake_target_skip_unavailable=False, cmake_clean_cache=False, cmake_clean_first=False, cmake_force_configure=False, ament_cmake_args=None, catkin_cmake_args=None, catkin_skip_building_tests=False, verb_parser=<colcon_defaults.argument_parser.defaults.DefaultArgumentsDecorator object at 0x7f27d1f50c50>, verb_extension=<colcon_core.verb.build.BuildVerb object at 0x7f27d20b1070>, main=<bound method BuildVerb.main of <colcon_core.verb.build.BuildVerb object at 0x7f27d20b1070>>)
[0.111s] Level 1:colcon.colcon_core.package_discovery:discover_packages(colcon_meta) check parameters
[0.111s] Level 1:colcon.colcon_core.package_discovery:discover_packages(recursive) check parameters
[0.111s] Level 1:colcon.colcon_core.package_discovery:discover_packages(ignore) check parameters
[0.111s] Level 1:colcon.colcon_core.package_discovery:discover_packages(path) check parameters
[0.111s] Level 1:colcon.colcon_core.package_discovery:discover_packages(colcon_meta) discover
[0.111s] Level 1:colcon.colcon_core.package_discovery:discover_packages(recursive) discover
[0.111s] INFO:colcon.colcon_core.package_discovery:Crawling recursively for packages in '/home/desau/Documents/Git/ECED3901_sackville/sieben_repo/ros2_ws'
[0.111s] Level 1:colcon.colcon_core.package_identification:_identify(.) by extensions ['ignore', 'ignore_ament_install']
[0.111s] Level 1:colcon.colcon_core.package_identification:_identify(.) by extension 'ignore'
[0.111s] Level 1:colcon.colcon_core.package_identification:_identify(.) by extension 'ignore_ament_install'
[0.111s] Level 1:colcon.colcon_core.package_identification:_identify(.) by extensions ['colcon_pkg']
[0.111s] Level 1:colcon.colcon_core.package_identification:_identify(.) by extension 'colcon_pkg'
[0.111s] Level 1:colcon.colcon_core.package_identification:_identify(.) by extensions ['colcon_meta']
[0.111s] Level 1:colcon.colcon_core.package_identification:_identify(.) by extension 'colcon_meta'
[0.111s] Level 1:colcon.colcon_core.package_identification:_identify(.) by extensions ['ros']
[0.111s] Level 1:colcon.colcon_core.package_identification:_identify(.) by extension 'ros'
[0.134s] DEBUG:colcon.colcon_core.package_identification:Package '.' with type 'ros.ament_cmake' and name 'eced3901'
[0.134s] Level 1:colcon.colcon_core.package_discovery:discover_packages(recursive) using defaults
[0.134s] Level 1:colcon.colcon_core.package_discovery:discover_packages(ignore) discover
[0.134s] Level 1:colcon.colcon_core.package_discovery:discover_packages(ignore) using defaults
[0.134s] Level 1:colcon.colcon_core.package_discovery:discover_packages(path) discover
[0.134s] Level 1:colcon.colcon_core.package_discovery:discover_packages(path) using defaults
[0.149s] Level 5:colcon.colcon_core.verb:set package 'eced3901' build argument 'cmake_args' from command line to 'None'
[0.149s] Level 5:colcon.colcon_core.verb:set package 'eced3901' build argument 'cmake_target' from command line to 'None'
[0.149s] Level 5:colcon.colcon_core.verb:set package 'eced3901' build argument 'cmake_target_skip_unavailable' from command line to 'False'
[0.149s] Level 5:colcon.colcon_core.verb:set package 'eced3901' build argument 'cmake_clean_cache' from command line to 'False'
[0.149s] Level 5:colcon.colcon_core.verb:set package 'eced3901' build argument 'cmake_clean_first' from command line to 'False'
[0.149s] Level 5:colcon.colcon_core.verb:set package 'eced3901' build argument 'cmake_force_configure' from command line to 'False'
[0.149s] Level 5:colcon.colcon_core.verb:set package 'eced3901' build argument 'ament_cmake_args' from command line to 'None'
[0.149s] Level 5:colcon.colcon_core.verb:set package 'eced3901' build argument 'catkin_cmake_args' from command line to 'None'
[0.149s] Level 5:colcon.colcon_core.verb:set package 'eced3901' build argument 'catkin_skip_building_tests' from command line to 'False'
[0.149s] DEBUG:colcon.colcon_core.verb:Building package 'eced3901' with the following arguments: {'ament_cmake_args': None, 'build_base': '/home/desau/Documents/Git/ECED3901_sackville/sieben_repo/ros2_ws/build/eced3901', 'catkin_cmake_args': None, 'catkin_skip_building_tests': False, 'cmake_args': None, 'cmake_clean_cache': False, 'cmake_clean_first': False, 'cmake_force_configure': False, 'cmake_target': None, 'cmake_target_skip_unavailable': False, 'install_base': '/home/desau/Documents/Git/ECED3901_sackville/sieben_repo/ros2_ws/install/eced3901', 'merge_install': False, 'path': '/home/desau/Documents/Git/ECED3901_sackville/sieben_repo/ros2_ws', 'symlink_install': False, 'test_result_base': None}
[0.149s] INFO:colcon.colcon_core.executor:Executing jobs using 'parallel' executor
[0.150s] DEBUG:colcon.colcon_parallel_executor.executor.parallel:run_until_complete
[0.151s] INFO:colcon.colcon_ros.task.ament_cmake.build:Building ROS package in '/home/desau/Documents/Git/ECED3901_sackville/sieben_repo/ros2_ws' with build type 'ament_cmake'
[0.151s] INFO:colcon.colcon_cmake.task.cmake.build:Building CMake package in '/home/desau/Documents/Git/ECED3901_sackville/sieben_repo/ros2_ws'
[0.153s] INFO:colcon.colcon_core.plugin_system:Skipping extension 'colcon_core.shell.bat': Not used on non-Windows systems
[0.153s] DEBUG:colcon.colcon_core.shell:Skip shell extension 'dsv' for command environment
[0.160s] DEBUG:colcon.colcon_core.event_handler.log_command:Invoking command in '/home/desau/Documents/Git/ECED3901_sackville/sieben_repo/ros2_ws/build/eced3901': CMAKE_PREFIX_PATH=${CMAKE_PREFIX_PATH}:/opt/ros/jazzy DEBUGINFOD_URLS=https://debuginfod.archlinux.org PS1=[\u@\h \W]\$ /usr/bin/cmake /home/desau/Documents/Git/ECED3901_sackville/sieben_repo/ros2_ws -DCMAKE_INSTALL_PREFIX=/home/desau/Documents/Git/ECED3901_sackville/sieben_repo/ros2_ws/install/eced3901
[1.358s] DEBUG:colcon.colcon_core.event_handler.log_command:Invoked command in '/home/desau/Documents/Git/ECED3901_sackville/sieben_repo/ros2_ws/build/eced3901' returned '0': CMAKE_PREFIX_PATH=${CMAKE_PREFIX_PATH}:/opt/ros/jazzy DEBUGINFOD_URLS=https://debuginfod.archlinux.org PS1=[\u@\h \W]\$ /usr/bin/cmake /home/desau/Documents/Git/ECED3901_sackville/sieben_repo/ros2_ws -DCMAKE_INSTALL_PREFIX=/home/desau/Documents/Git/ECED3901_sackville/sieben_repo/ros2_ws/install/eced3901
[1.359s] DEBUG:colcon.colcon_core.event_handler.log_command:Invoking command in '/home/desau/Documents/Git/ECED3901_sackville/sieben_repo/ros2_ws/build/eced3901': CMAKE_PREFIX_PATH=${CMAKE_PREFIX_PATH}:/opt/ros/jazzy DEBUGINFOD_URLS=https://debuginfod.archlinux.org PS1=[\u@\h \W]\$ /usr/bin/cmake --build /home/desau/Documents/Git/ECED3901_sackville/sieben_repo/ros2_ws/build/eced3901 -- -j16 -l16
[8.567s] DEBUG:colcon.colcon_core.event_handler.log_command:Invoked command in '/home/desau/Documents/Git/ECED3901_sackville/sieben_repo/ros2_ws/build/eced3901' returned '0': CMAKE_PREFIX_PATH=${CMAKE_PREFIX_PATH}:/opt/ros/jazzy DEBUGINFOD_URLS=https://debuginfod.archlinux.org PS1=[\u@\h \W]\$ /usr/bin/cmake --build /home/desau/Documents/Git/ECED3901_sackville/sieben_repo/ros2_ws/build/eced3901 -- -j16 -l16
[8.575s] DEBUG:colcon.colcon_core.event_handler.log_command:Invoking command in '/home/desau/Documents/Git/ECED3901_sackville/sieben_repo/ros2_ws/build/eced3901': CMAKE_PREFIX_PATH=${CMAKE_PREFIX_PATH}:/opt/ros/jazzy DEBUGINFOD_URLS=https://debuginfod.archlinux.org PS1=[\u@\h \W]\$ /usr/bin/cmake --install /home/desau/Documents/Git/ECED3901_sackville/sieben_repo/ros2_ws/build/eced3901
[8.598s] Level 1:colcon.colcon_core.environment:create_environment_scripts_only(eced3901)
[8.598s] DEBUG:colcon.colcon_core.event_handler.log_command:Invoked command in '/home/desau/Documents/Git/ECED3901_sackville/sieben_repo/ros2_ws/build/eced3901' returned '0': CMAKE_PREFIX_PATH=${CMAKE_PREFIX_PATH}:/opt/ros/jazzy DEBUGINFOD_URLS=https://debuginfod.archlinux.org PS1=[\u@\h \W]\$ /usr/bin/cmake --install /home/desau/Documents/Git/ECED3901_sackville/sieben_repo/ros2_ws/build/eced3901
[8.600s] Level 1:colcon.colcon_core.environment:checking '/home/desau/Documents/Git/ECED3901_sackville/sieben_repo/ros2_ws/install/eced3901' for CMake module files
[8.600s] Level 1:colcon.colcon_core.environment:checking '/home/desau/Documents/Git/ECED3901_sackville/sieben_repo/ros2_ws/install/eced3901' for CMake config files
[8.600s] Level 1:colcon.colcon_core.shell:create_environment_hook('eced3901', 'cmake_prefix_path')
[8.600s] INFO:colcon.colcon_core.shell:Creating environment descriptor '/home/desau/Documents/Git/ECED3901_sackville/sieben_repo/ros2_ws/install/eced3901/share/eced3901/hook/cmake_prefix_path.dsv'
[8.601s] INFO:colcon.colcon_core.shell:Creating environment hook '/home/desau/Documents/Git/ECED3901_sackville/sieben_repo/ros2_ws/install/eced3901/share/eced3901/hook/cmake_prefix_path.sh'
[8.601s] Level 1:colcon.colcon_core.environment:checking '/home/desau/Documents/Git/ECED3901_sackville/sieben_repo/ros2_ws/install/eced3901/lib'
[8.602s] Level 1:colcon.colcon_core.environment:checking '/home/desau/Documents/Git/ECED3901_sackville/sieben_repo/ros2_ws/install/eced3901/bin'
[8.602s] Level 1:colcon.colcon_core.environment:checking '/home/desau/Documents/Git/ECED3901_sackville/sieben_repo/ros2_ws/install/eced3901/lib/pkgconfig/eced3901.pc'
[8.603s] Level 1:colcon.colcon_core.environment:checking '/home/desau/Documents/Git/ECED3901_sackville/sieben_repo/ros2_ws/install/eced3901/lib/python3.12/site-packages'
[8.604s] Level 1:colcon.colcon_core.environment:checking '/home/desau/Documents/Git/ECED3901_sackville/sieben_repo/ros2_ws/install/eced3901/bin'
[8.604s] INFO:colcon.colcon_core.shell:Creating package descriptor '/home/desau/Documents/Git/ECED3901_sackville/sieben_repo/ros2_ws/install/eced3901/share/eced3901/package.dsv'
[8.604s] INFO:colcon.colcon_core.shell:Creating package script '/home/desau/Documents/Git/ECED3901_sackville/sieben_repo/ros2_ws/install/eced3901/share/eced3901/package.sh'
[8.604s] INFO:colcon.colcon_core.shell:Creating package script '/home/desau/Documents/Git/ECED3901_sackville/sieben_repo/ros2_ws/install/eced3901/share/eced3901/package.bash'
[8.605s] INFO:colcon.colcon_core.shell:Creating package script '/home/desau/Documents/Git/ECED3901_sackville/sieben_repo/ros2_ws/install/eced3901/share/eced3901/package.zsh'
[8.605s] Level 1:colcon.colcon_core.environment:create_file_with_runtime_dependencies(/home/desau/Documents/Git/ECED3901_sackville/sieben_repo/ros2_ws/install/eced3901/share/colcon-core/packages/eced3901)
[8.606s] Level 1:colcon.colcon_core.environment:create_environment_scripts_only(eced3901)
[8.606s] Level 1:colcon.colcon_core.environment:checking '/home/desau/Documents/Git/ECED3901_sackville/sieben_repo/ros2_ws/install/eced3901' for CMake module files
[8.606s] Level 1:colcon.colcon_core.environment:checking '/home/desau/Documents/Git/ECED3901_sackville/sieben_repo/ros2_ws/install/eced3901' for CMake config files
[8.606s] Level 1:colcon.colcon_core.shell:create_environment_hook('eced3901', 'cmake_prefix_path')
[8.606s] INFO:colcon.colcon_core.shell:Creating environment descriptor '/home/desau/Documents/Git/ECED3901_sackville/sieben_repo/ros2_ws/install/eced3901/share/eced3901/hook/cmake_prefix_path.dsv'
[8.607s] INFO:colcon.colcon_core.shell:Creating environment hook '/home/desau/Documents/Git/ECED3901_sackville/sieben_repo/ros2_ws/install/eced3901/share/eced3901/hook/cmake_prefix_path.sh'
[8.608s] Level 1:colcon.colcon_core.environment:checking '/home/desau/Documents/Git/ECED3901_sackville/sieben_repo/ros2_ws/install/eced3901/lib'
[8.608s] Level 1:colcon.colcon_core.environment:checking '/home/desau/Documents/Git/ECED3901_sackville/sieben_repo/ros2_ws/install/eced3901/bin'
[8.608s] Level 1:colcon.colcon_core.environment:checking '/home/desau/Documents/Git/ECED3901_sackville/sieben_repo/ros2_ws/install/eced3901/lib/pkgconfig/eced3901.pc'
[8.608s] Level 1:colcon.colcon_core.environment:checking '/home/desau/Documents/Git/ECED3901_sackville/sieben_repo/ros2_ws/install/eced3901/lib/python3.12/site-packages'
[8.608s] Level 1:colcon.colcon_core.environment:checking '/home/desau/Documents/Git/ECED3901_sackville/sieben_repo/ros2_ws/install/eced3901/bin'
[8.608s] INFO:colcon.colcon_core.shell:Creating package descriptor '/home/desau/Documents/Git/ECED3901_sackville/sieben_repo/ros2_ws/install/eced3901/share/eced3901/package.dsv'
[8.609s] INFO:colcon.colcon_core.shell:Creating package script '/home/desau/Documents/Git/ECED3901_sackville/sieben_repo/ros2_ws/install/eced3901/share/eced3901/package.sh'
[8.609s] INFO:colcon.colcon_core.shell:Creating package script '/home/desau/Documents/Git/ECED3901_sackville/sieben_repo/ros2_ws/install/eced3901/share/eced3901/package.bash'
[8.609s] INFO:colcon.colcon_core.shell:Creating package script '/home/desau/Documents/Git/ECED3901_sackville/sieben_repo/ros2_ws/install/eced3901/share/eced3901/package.zsh'
[8.610s] Level 1:colcon.colcon_core.environment:create_file_with_runtime_dependencies(/home/desau/Documents/Git/ECED3901_sackville/sieben_repo/ros2_ws/install/eced3901/share/colcon-core/packages/eced3901)
[8.610s] DEBUG:colcon.colcon_parallel_executor.executor.parallel:closing loop
[8.610s] DEBUG:colcon.colcon_parallel_executor.executor.parallel:loop closed
[8.610s] DEBUG:colcon.colcon_parallel_executor.executor.parallel:run_until_complete finished with '0'
[8.610s] DEBUG:colcon.colcon_core.event_reactor:joining thread
[8.615s] INFO:colcon.colcon_core.plugin_system:Skipping extension 'colcon_notification.desktop_notification.notify_send': Could not find 'notify-send'
[8.615s] INFO:colcon.colcon_core.plugin_system:Skipping extension 'colcon_notification.desktop_notification.terminal_notifier': Not used on non-Darwin systems
[8.615s] INFO:colcon.colcon_core.plugin_system:Skipping extension 'colcon_notification.desktop_notification.win32': Not used on non-Windows systems
[8.615s] INFO:colcon.colcon_notification.desktop_notification:Sending desktop notification using 'notify2'
[8.625s] DEBUG:colcon.colcon_core.event_reactor:joined thread
[8.625s] INFO:colcon.colcon_core.shell:Creating prefix script '/home/desau/Documents/Git/ECED3901_sackville/sieben_repo/ros2_ws/install/local_setup.sh'
[8.626s] INFO:colcon.colcon_core.shell:Creating prefix util module '/home/desau/Documents/Git/ECED3901_sackville/sieben_repo/ros2_ws/install/_local_setup_util_sh.py'
[8.626s] INFO:colcon.colcon_core.shell:Creating prefix chain script '/home/desau/Documents/Git/ECED3901_sackville/sieben_repo/ros2_ws/install/setup.sh'
[8.627s] INFO:colcon.colcon_core.shell:Creating prefix script '/home/desau/Documents/Git/ECED3901_sackville/sieben_repo/ros2_ws/install/local_setup.bash'
[8.627s] INFO:colcon.colcon_core.shell:Creating prefix chain script '/home/desau/Documents/Git/ECED3901_sackville/sieben_repo/ros2_ws/install/setup.bash'
[8.628s] INFO:colcon.colcon_core.shell:Creating prefix script '/home/desau/Documents/Git/ECED3901_sackville/sieben_repo/ros2_ws/install/local_setup.zsh'
[8.628s] INFO:colcon.colcon_core.shell:Creating prefix chain script '/home/desau/Documents/Git/ECED3901_sackville/sieben_repo/ros2_ws/install/setup.zsh'
