[0.014s] Invoking command in '/home/student/ros2_ws/src/ECED3901_sackville/build/eced3901': CMAKE_PREFIX_PATH=${CMAKE_PREFIX_PATH}:/home/student/motor_ws/install/dalmotor:/home/student/imu_ws/install/bno055:/opt/ros/humble /usr/bin/cmake /home/student/ros2_ws/src/ECED3901_sackville -DCMAKE_INSTALL_PREFIX=/home/student/ros2_ws/src/ECED3901_sackville/install/eced3901
[0.122s] -- The C compiler identification is GNU 11.3.0
[0.211s] -- The CXX compiler identification is GNU 11.3.0
[0.218s] -- Detecting C compiler ABI info
[0.279s] -- Detecting C compiler ABI info - done
[0.286s] -- Check for working C compiler: /usr/bin/cc - skipped
[0.286s] -- Detecting C compile features
[0.287s] -- Detecting C compile features - done
[0.289s] -- Detecting CXX compiler ABI info
[0.355s] -- Detecting CXX compiler ABI info - done
[0.362s] -- Check for working CXX compiler: /usr/bin/c++ - skipped
[0.363s] -- Detecting CXX compile features
[0.363s] -- Detecting CXX compile features - done
[0.369s] -- Found ament_cmake: 1.3.4 (/opt/ros/humble/share/ament_cmake/cmake)
[0.523s] -- Found Python3: /usr/bin/python3.10 (found version "3.10.6") found components: Interpreter 
[0.612s] -- Found rclcpp: 16.0.4 (/opt/ros/humble/share/rclcpp/cmake)
[0.658s] -- Found rosidl_generator_c: 3.1.4 (/opt/ros/humble/share/rosidl_generator_c/cmake)
[0.663s] -- Found rosidl_adapter: 3.1.4 (/opt/ros/humble/share/rosidl_adapter/cmake)
[0.672s] -- Found rosidl_generator_cpp: 3.1.4 (/opt/ros/humble/share/rosidl_generator_cpp/cmake)
[0.687s] -- Using all available rosidl_typesupport_c: rosidl_typesupport_fastrtps_c;rosidl_typesupport_introspection_c
[0.707s] -- Using all available rosidl_typesupport_cpp: rosidl_typesupport_fastrtps_cpp;rosidl_typesupport_introspection_cpp
[0.779s] -- Found rmw_implementation_cmake: 6.1.1 (/opt/ros/humble/share/rmw_implementation_cmake/cmake)
[0.782s] -- Found rmw_fastrtps_cpp: 6.2.2 (/opt/ros/humble/share/rmw_fastrtps_cpp/cmake)
[0.869s] -- Found OpenSSL: /usr/lib/x86_64-linux-gnu/libcrypto.so (found version "3.0.2")  
[0.894s] -- Found FastRTPS: /opt/ros/humble/include  
[0.938s] -- Using RMW implementation 'rmw_fastrtps_cpp' as default
[0.949s] -- Looking for pthread.h
[1.010s] -- Looking for pthread.h - found
[1.011s] -- Performing Test CMAKE_HAVE_LIBC_PTHREAD
[1.071s] -- Performing Test CMAKE_HAVE_LIBC_PTHREAD - Success
[1.072s] -- Found Threads: TRUE  
[1.236s] -- Found rclpy: 3.3.8 (/opt/ros/humble/share/rclpy/cmake)
[1.238s] -- Found geometry_msgs: 4.2.3 (/opt/ros/humble/share/geometry_msgs/cmake)
[1.283s] -- Found nav_msgs: 4.2.3 (/opt/ros/humble/share/nav_msgs/cmake)
[1.371s] -- Found tf2: 0.25.2 (/opt/ros/humble/share/tf2/cmake)
[1.389s] -- Found ament_lint_auto: 0.12.6 (/opt/ros/humble/share/ament_lint_auto/cmake)
[1.471s] -- Added test 'cppcheck' to perform static code analysis on C / C++ code
[1.471s] -- Configured cppcheck include dirs: 
[1.471s] -- Configured cppcheck exclude dirs and/or files: 
[1.472s] -- Added test 'flake8' to check Python code syntax and style conventions
[1.475s] -- Added test 'lint_cmake' to check CMake code style
[1.477s] -- Added test 'pep257' to check Python code against some of the docstring style conventions in PEP 257
[1.486s] -- Added test 'uncrustify' to check C / C++ code style
[1.486s] -- Configured uncrustify additional arguments: 
[1.488s] -- Added test 'xmllint' to check XML markup files
[1.489s] -- Configuring done
[1.499s] -- Generating done
[1.501s] -- Build files have been written to: /home/student/ros2_ws/src/ECED3901_sackville/build/eced3901
[1.509s] Invoked command in '/home/student/ros2_ws/src/ECED3901_sackville/build/eced3901' returned '0': CMAKE_PREFIX_PATH=${CMAKE_PREFIX_PATH}:/home/student/motor_ws/install/dalmotor:/home/student/imu_ws/install/bno055:/opt/ros/humble /usr/bin/cmake /home/student/ros2_ws/src/ECED3901_sackville -DCMAKE_INSTALL_PREFIX=/home/student/ros2_ws/src/ECED3901_sackville/install/eced3901
[1.510s] Invoking command in '/home/student/ros2_ws/src/ECED3901_sackville/build/eced3901': CMAKE_PREFIX_PATH=${CMAKE_PREFIX_PATH}:/home/student/motor_ws/install/dalmotor:/home/student/imu_ws/install/bno055:/opt/ros/humble /usr/bin/cmake --build /home/student/ros2_ws/src/ECED3901_sackville/build/eced3901 -- -j4 -l4
[1.549s] [ 50%] [32mBuilding CXX object CMakeFiles/talker.dir/src/publisher_member_function.cpp.o[0m
[1.549s] [ 50%] [32mBuilding CXX object CMakeFiles/dt1.dir/src/eced3901_dt1.cpp.o[0m
[5.754s] [ 75%] [32m[1mLinking CXX executable talker[0m
[5.951s] [ 75%] Built target talker
[9.808s] [100%] [32m[1mLinking CXX executable dt1[0m
[10.222s] [100%] Built target dt1
[10.229s] Invoked command in '/home/student/ros2_ws/src/ECED3901_sackville/build/eced3901' returned '0': CMAKE_PREFIX_PATH=${CMAKE_PREFIX_PATH}:/home/student/motor_ws/install/dalmotor:/home/student/imu_ws/install/bno055:/opt/ros/humble /usr/bin/cmake --build /home/student/ros2_ws/src/ECED3901_sackville/build/eced3901 -- -j4 -l4
[10.261s] Invoking command in '/home/student/ros2_ws/src/ECED3901_sackville/build/eced3901': CMAKE_PREFIX_PATH=${CMAKE_PREFIX_PATH}:/home/student/motor_ws/install/dalmotor:/home/student/imu_ws/install/bno055:/opt/ros/humble /usr/bin/cmake --install /home/student/ros2_ws/src/ECED3901_sackville/build/eced3901
[10.267s] -- Install configuration: ""
[10.268s] -- Installing: /home/student/ros2_ws/src/ECED3901_sackville/install/eced3901/lib/eced3901/talker
[10.268s] -- Set runtime path of "/home/student/ros2_ws/src/ECED3901_sackville/install/eced3901/lib/eced3901/talker" to ""
[10.269s] -- Installing: /home/student/ros2_ws/src/ECED3901_sackville/install/eced3901/lib/eced3901/dt1
[10.271s] -- Set runtime path of "/home/student/ros2_ws/src/ECED3901_sackville/install/eced3901/lib/eced3901/dt1" to ""
[10.272s] -- Installing: /home/student/ros2_ws/src/ECED3901_sackville/install/eced3901/share/eced3901/config
[10.272s] -- Installing: /home/student/ros2_ws/src/ECED3901_sackville/install/eced3901/share/eced3901/config/ekf.yaml
[10.272s] -- Installing: /home/student/ros2_ws/src/ECED3901_sackville/install/eced3901/share/eced3901/launch
[10.272s] -- Installing: /home/student/ros2_ws/src/ECED3901_sackville/install/eced3901/share/eced3901/launch/lab6nav.launch.py
[10.272s] -- Installing: /home/student/ros2_ws/src/ECED3901_sackville/install/eced3901/share/eced3901/launch/lab5dt2.launch.py
[10.272s] -- Installing: /home/student/ros2_ws/src/ECED3901_sackville/install/eced3901/share/eced3901/launch/lab6b.launch.py
[10.272s] -- Installing: /home/student/ros2_ws/src/ECED3901_sackville/install/eced3901/share/eced3901/launch/lab5.launch.py
[10.272s] -- Installing: /home/student/ros2_ws/src/ECED3901_sackville/install/eced3901/share/eced3901/launch/lab4a.launch.py
[10.272s] -- Installing: /home/student/ros2_ws/src/ECED3901_sackville/install/eced3901/share/eced3901/launch/lab4b.launch.py
[10.272s] -- Installing: /home/student/ros2_ws/src/ECED3901_sackville/install/eced3901/share/eced3901/launch/lab3.launch.py
[10.273s] -- Installing: /home/student/ros2_ws/src/ECED3901_sackville/install/eced3901/share/eced3901/launch/lab6a.launch.py
[10.273s] -- Installing: /home/student/ros2_ws/src/ECED3901_sackville/install/eced3901/share/eced3901/launch/lab7nav.launch.py
[10.273s] -- Installing: /home/student/ros2_ws/src/ECED3901_sackville/install/eced3901/share/eced3901/maps
[10.273s] -- Installing: /home/student/ros2_ws/src/ECED3901_sackville/install/eced3901/share/eced3901/maps/lab4_map.yaml
[10.273s] -- Installing: /home/student/ros2_ws/src/ECED3901_sackville/install/eced3901/share/eced3901/maps/lab4_map.pgm
[10.273s] -- Installing: /home/student/ros2_ws/src/ECED3901_sackville/install/eced3901/share/eced3901/models
[10.273s] -- Installing: /home/student/ros2_ws/src/ECED3901_sackville/install/eced3901/share/eced3901/models/eced3901_lab4
[10.273s] -- Installing: /home/student/ros2_ws/src/ECED3901_sackville/install/eced3901/share/eced3901/models/eced3901_lab4/model.sdf
[10.273s] -- Installing: /home/student/ros2_ws/src/ECED3901_sackville/install/eced3901/share/eced3901/models/eced3901_lab4/model.config
[10.273s] -- Installing: /home/student/ros2_ws/src/ECED3901_sackville/install/eced3901/share/eced3901/models/eced3901bot.urdf
[10.273s] -- Installing: /home/student/ros2_ws/src/ECED3901_sackville/install/eced3901/share/eced3901/models/eced3901bot_description
[10.273s] -- Installing: /home/student/ros2_ws/src/ECED3901_sackville/install/eced3901/share/eced3901/models/eced3901bot_description/model.sdf
[10.273s] -- Installing: /home/student/ros2_ws/src/ECED3901_sackville/install/eced3901/share/eced3901/models/eced3901bot_description/model.config
[10.274s] -- Installing: /home/student/ros2_ws/src/ECED3901_sackville/install/eced3901/share/eced3901/params
[10.274s] -- Installing: /home/student/ros2_ws/src/ECED3901_sackville/install/eced3901/share/eced3901/params/nav2_params.yaml
[10.274s] -- Installing: /home/student/ros2_ws/src/ECED3901_sackville/install/eced3901/share/eced3901/rviz
[10.274s] -- Installing: /home/student/ros2_ws/src/ECED3901_sackville/install/eced3901/share/eced3901/rviz/nav2.rviz
[10.274s] -- Installing: /home/student/ros2_ws/src/ECED3901_sackville/install/eced3901/share/eced3901/rviz/urdf_config.rviz
[10.274s] -- Installing: /home/student/ros2_ws/src/ECED3901_sackville/install/eced3901/share/eced3901/rviz/nav2_config.rviz
[10.274s] -- Installing: /home/student/ros2_ws/src/ECED3901_sackville/install/eced3901/share/eced3901/src
[10.274s] -- Installing: /home/student/ros2_ws/src/ECED3901_sackville/install/eced3901/share/eced3901/src/eced3901_dt1.cpp
[10.274s] -- Installing: /home/student/ros2_ws/src/ECED3901_sackville/install/eced3901/share/eced3901/src/publisher_member_function.cpp
[10.274s] -- Installing: /home/student/ros2_ws/src/ECED3901_sackville/install/eced3901/share/eced3901/worlds
[10.274s] -- Installing: /home/student/ros2_ws/src/ECED3901_sackville/install/eced3901/share/eced3901/worlds/eced3901_lab6.world
[10.274s] -- Installing: /home/student/ros2_ws/src/ECED3901_sackville/install/eced3901/share/eced3901/worlds/empty.world
[10.274s] -- Installing: /home/student/ros2_ws/src/ECED3901_sackville/install/eced3901/share/eced3901/worlds/eced3901_lab4.world
[10.275s] -- Installing: /home/student/ros2_ws/src/ECED3901_sackville/install/eced3901/lib/eced3901/demo_inspection.py
[10.275s] -- Installing: /home/student/ros2_ws/src/ECED3901_sackville/install/eced3901/share/ament_index/resource_index/package_run_dependencies/eced3901
[10.275s] -- Installing: /home/student/ros2_ws/src/ECED3901_sackville/install/eced3901/share/ament_index/resource_index/parent_prefix_path/eced3901
[10.275s] -- Installing: /home/student/ros2_ws/src/ECED3901_sackville/install/eced3901/share/eced3901/environment/ament_prefix_path.sh
[10.275s] -- Installing: /home/student/ros2_ws/src/ECED3901_sackville/install/eced3901/share/eced3901/environment/ament_prefix_path.dsv
[10.275s] -- Installing: /home/student/ros2_ws/src/ECED3901_sackville/install/eced3901/share/eced3901/environment/path.sh
[10.275s] -- Installing: /home/student/ros2_ws/src/ECED3901_sackville/install/eced3901/share/eced3901/environment/path.dsv
[10.275s] -- Installing: /home/student/ros2_ws/src/ECED3901_sackville/install/eced3901/share/eced3901/local_setup.bash
[10.275s] -- Installing: /home/student/ros2_ws/src/ECED3901_sackville/install/eced3901/share/eced3901/local_setup.sh
[10.275s] -- Installing: /home/student/ros2_ws/src/ECED3901_sackville/install/eced3901/share/eced3901/local_setup.zsh
[10.275s] -- Installing: /home/student/ros2_ws/src/ECED3901_sackville/install/eced3901/share/eced3901/local_setup.dsv
[10.275s] -- Installing: /home/student/ros2_ws/src/ECED3901_sackville/install/eced3901/share/eced3901/package.dsv
[10.275s] -- Installing: /home/student/ros2_ws/src/ECED3901_sackville/install/eced3901/share/ament_index/resource_index/packages/eced3901
[10.276s] -- Installing: /home/student/ros2_ws/src/ECED3901_sackville/install/eced3901/share/eced3901/cmake/eced3901Config.cmake
[10.276s] -- Installing: /home/student/ros2_ws/src/ECED3901_sackville/install/eced3901/share/eced3901/cmake/eced3901Config-version.cmake
[10.276s] -- Installing: /home/student/ros2_ws/src/ECED3901_sackville/install/eced3901/share/eced3901/package.xml
[10.278s] Invoked command in '/home/student/ros2_ws/src/ECED3901_sackville/build/eced3901' returned '0': CMAKE_PREFIX_PATH=${CMAKE_PREFIX_PATH}:/home/student/motor_ws/install/dalmotor:/home/student/imu_ws/install/bno055:/opt/ros/humble /usr/bin/cmake --install /home/student/ros2_ws/src/ECED3901_sackville/build/eced3901
